<area shape="rect" href="$classGio_1_1AppInfo.html" title="Application information, to describe applications installed on the system, and launch..." alt="" coords="496,5,589,32">
<area shape="rect" href="$classGio_1_1AsyncResult.html" title="Provides a base class for implementing asynchronous function results." alt="" coords="481,56,604,83">
<area shape="rect" href="$classGio_1_1Drive.html" title="Virtual File System drive management." alt="" coords="503,107,583,133">
<area shape="rect" href="$classGio_1_1File.html" title="File and directory handling." alt="" coords="508,157,577,184">
<area shape="rect" href="$classGio_1_1Icon.html" title="This is a very minimal interface for icons." alt="" coords="505,208,580,235">
<area shape="rect" href="$classGio_1_1Mount.html" title="The Mount interface represents user&#45;visible mounts." alt="" coords="500,259,585,285">
<area shape="rect" href="$classGio_1_1Seekable.html" title="Stream seeking interface." alt="" coords="491,309,595,336">
<area shape="rect" href="$classGio_1_1Volume.html" title="The Volume interface represents user&#45;visible objects that can be mounted." alt="" coords="497,360,588,387">
<area shape="rect" href="$classGlib_1_1ObjectBase.html" title="Glib::ObjectBase is a common base class for Objects and Interfaces." alt="" coords="160,183,280,209">
<area shape="rect" href="$classsigc_1_1trackable.html" title="sigc::trackable" alt="" coords="5,183,112,209">
<area shape="rect" href="$classGio_1_1DesktopAppInfo.html" title="DesktopAppInfo is an implementation of AppInfo based on desktop files." alt="" coords="667,5,808,32">
<area shape="rect" href="$classGio_1_1LoadableIcon.html" title="Extends the Icon interface and adds the ability to load icons from streams." alt="" coords="675,157,800,184">
<area shape="rect" href="$classGio_1_1ThemedIcon.html" title="Icon theming support ThemedIcon is an implementation of Gio::Icon that supports icon..." alt="" coords="677,208,797,235">
<area shape="rect" href="$classGio_1_1FileIcon.html" title="FileIcon specifies an icon by pointing to an image file to be used as icon." alt="" coords="869,157,965,184">
<area shape="rect" href="$classGio_1_1FileInputStream.html" title="FileInputStream provides input streams that take their content from a file." alt="" coords="667,259,808,285">
<area shape="rect" href="$classGio_1_1FileOutputStream.html" title="FileOutputStream provides output streams that write their content to a file." alt="" coords="661,309,813,336">
<area shape="rect" href="$classGio_1_1MemoryInputStream.html" title="MemoryInputStream implements InputStream for arbitrary memory chunks." alt="" coords="653,360,821,387">
