<area shape="rect" href="$classGlib_1_1SignalProxy0.html" title="Proxy for signals with 0 arguments." alt="" coords="491,5,653,32">
<area shape="rect" href="$classGlib_1_1SignalProxy1.html" title="Proxy for signals with 1 arguments." alt="" coords="479,56,665,82">
<area shape="rect" href="$classGlib_1_1SignalProxy2.html" title="Proxy for signals with 2 arguments." alt="" coords="467,106,677,133">
<area shape="rect" href="$classGlib_1_1SignalProxy3.html" title="Proxy for signals with 3 arguments." alt="" coords="455,157,689,184">
<area shape="rect" href="$classGlib_1_1SignalProxy4.html" title="Proxy for signals with 4 arguments." alt="" coords="443,208,701,234">
<area shape="rect" href="$classGlib_1_1SignalProxy5.html" title="Proxy for signals with 5 arguments." alt="" coords="431,258,713,285">
<area shape="rect" href="$classGlib_1_1SignalProxy6.html" title="Proxy for signals with 6 arguments." alt="" coords="419,309,725,336">
<area shape="rect" href="$classGlib_1_1SignalProxyBase.html" title="Glib::SignalProxyBase" alt="" coords="5,157,157,184">
