<area shape="rect" href="libstdc++.tag.xml$structstd_1_1tr1_1_1integral__constant.html" title="std::tr1::integral_constant\&lt; _Tp, __v \&gt;" alt="" coords="7,791,249,817">
<area shape="rect" href="libstdc++.tag.xml$structstd_1_1tr1_1_1____is__location__invariant.html" title="std::tr1::__is_location_invariant\&lt; _Tp \&gt;" alt="" coords="305,5,553,32">
<area shape="rect" href="libstdc++.tag.xml$structstd_1_1tr1_1_1____is__union__or__class.html" title="std::tr1::__is_union_or_class\&lt; _Tp \&gt;" alt="" coords="312,56,547,83">
<area shape="rect" href="libstdc++.tag.xml$structstd_1_1tr1_1_1___has__result__type.html" title="std::tr1::_Has_result_type\&lt; _Tp \&gt;" alt="" coords="321,107,537,133">
<area shape="rect" href="libstdc++.tag.xml$structstd_1_1tr1_1_1extent_3_01___tp[]_00_01___uint_01_4.html" title="std::tr1::extent\&lt; _Tp[], _Uint \&gt;" alt="" coords="331,157,528,184">
<area shape="rect" href="libstdc++.tag.xml$structstd_1_1tr1_1_1has__nothrow__assign.html" title="std::tr1::has_nothrow_assign\&lt; _Tp \&gt;" alt="" coords="312,208,547,235">
<area shape="rect" href="libstdc++.tag.xml$structstd_1_1tr1_1_1has__nothrow__constructor.html" title="std::tr1::has_nothrow_constructor\&lt; _Tp \&gt;" alt="" coords="299,259,560,285">
<area shape="rect" href="libstdc++.tag.xml$structstd_1_1tr1_1_1has__nothrow__copy.html" title="std::tr1::has_nothrow_copy\&lt; _Tp \&gt;" alt="" coords="317,309,541,336">
<area shape="rect" href="libstdc++.tag.xml$structstd_1_1tr1_1_1has__trivial__assign.html" title="std::tr1::has_trivial_assign\&lt; _Tp \&gt;" alt="" coords="320,360,539,387">
<area shape="rect" href="libstdc++.tag.xml$structstd_1_1tr1_1_1has__trivial__constructor.html" title="std::tr1::has_trivial_constructor\&lt; _Tp \&gt;" alt="" coords="305,411,553,437">
<area shape="rect" href="libstdc++.tag.xml$structstd_1_1tr1_1_1has__trivial__copy.html" title="std::tr1::has_trivial_copy\&lt; _Tp \&gt;" alt="" coords="324,461,535,488">
<area shape="rect" href="libstdc++.tag.xml$structstd_1_1tr1_1_1has__trivial__destructor.html" title="std::tr1::has_trivial_destructor\&lt; _Tp \&gt;" alt="" coords="309,512,549,539">
<area shape="rect" href="libstdc++.tag.xml$structstd_1_1tr1_1_1is__abstract.html" title="std::tr1::is_abstract\&lt; _Tp \&gt;" alt="" coords="340,563,519,589">
<area shape="rect" href="libstdc++.tag.xml$structstd_1_1tr1_1_1is__arithmetic.html" title="std::tr1::is_arithmetic\&lt; _Tp \&gt;" alt="" coords="335,613,524,640">
<area shape="rect" href="libstdc++.tag.xml$structstd_1_1tr1_1_1is__array_3_01___tp[]_4.html" title="std::tr1::is_array\&lt; _Tp[]\&gt;" alt="" coords="347,664,512,691">
<area shape="rect" href="libstdc++.tag.xml$structstd_1_1tr1_1_1is__array_3_01___tp[___size]_4.html" title="std::tr1::is_array\&lt; _Tp[_Size]\&gt;" alt="" coords="329,715,529,741">
<area shape="rect" href="libstdc++.tag.xml$structstd_1_1tr1_1_1is__base__of.html" title="std::tr1::is_base_of\&lt; _Base, _Derived \&gt;" alt="" coords="303,765,556,792">
<area shape="rect" href="libstdc++.tag.xml$structstd_1_1tr1_1_1is__compound.html" title="std::tr1::is_compound\&lt; _Tp \&gt;" alt="" coords="333,816,525,843">
<area shape="rect" href="libstdc++.tag.xml$structstd_1_1tr1_1_1is__const.html" title="std::tr1::is_const\&lt; class \&gt;" alt="" coords="343,867,516,893">
<area shape="rect" href="libstdc++.tag.xml$structstd_1_1tr1_1_1is__const_01_3_01___tp_01const_01_01_4.html" title="std::tr1::is_const\&lt; _Tp const &#160;\&gt;" alt="" coords="329,917,529,944">
<area shape="rect" href="libstdc++.tag.xml$structstd_1_1tr1_1_1is__convertible.html" title="std::tr1::is_convertible\&lt; _From, _To \&gt;" alt="" coords="309,968,549,995">
<area shape="rect" href="libstdc++.tag.xml$structstd_1_1tr1_1_1is__empty.html" title="std::tr1::is_empty\&lt; _Tp \&gt;" alt="" coords="345,1019,513,1045">
<area shape="rect" href="libstdc++.tag.xml$structstd_1_1tr1_1_1is__function.html" title="std::tr1::is_function\&lt; _Tp \&gt;" alt="" coords="340,1069,519,1096">
<area shape="rect" href="libstdc++.tag.xml$structstd_1_1tr1_1_1is__fundamental.html" title="std::tr1::is_fundamental\&lt; _Tp \&gt;" alt="" coords="328,1120,531,1147">
<area shape="rect" href="libstdc++.tag.xml$structstd_1_1tr1_1_1is__member__pointer.html" title="std::tr1::is_member_pointer\&lt; _Tp \&gt;" alt="" coords="316,1171,543,1197">
<area shape="rect" href="libstdc++.tag.xml$structstd_1_1tr1_1_1is__object.html" title="std::tr1::is_object\&lt; _Tp \&gt;" alt="" coords="345,1221,513,1248">
<area shape="rect" href="libstdc++.tag.xml$structstd_1_1tr1_1_1is__pod.html" title="std::tr1::is_pod\&lt; _Tp \&gt;" alt="" coords="352,1272,507,1299">
<area shape="rect" href="libstdc++.tag.xml$structstd_1_1tr1_1_1is__polymorphic.html" title="std::tr1::is_polymorphic\&lt; _Tp \&gt;" alt="" coords="328,1323,531,1349">
<area shape="rect" href="libstdc++.tag.xml$structstd_1_1tr1_1_1is__reference_3_01___tp_01_6_01_4.html" title="std::tr1::is_reference\&lt; _Tp &amp; \&gt;" alt="" coords="329,1373,529,1400">
<area shape="rect" href="libstdc++.tag.xml$structstd_1_1tr1_1_1is__scalar.html" title="std::tr1::is_scalar\&lt; _Tp \&gt;" alt="" coords="345,1424,513,1451">
<area shape="rect" href="libstdc++.tag.xml$structstd_1_1tr1_1_1is__void.html" title="std::tr1::is_void\&lt; class \&gt;" alt="" coords="347,1475,512,1501">
<area shape="rect" href="libstdc++.tag.xml$structstd_1_1tr1_1_1rank_3_01___tp[]_4.html" title="std::tr1::rank\&lt; _Tp[]\&gt;" alt="" coords="357,1525,501,1552">
<area shape="rect" href="libstdc++.tag.xml$structstd_1_1tr1_1_1rank_3_01___tp[___size]_4.html" title="std::tr1::rank\&lt; _Tp[_Size]\&gt;" alt="" coords="340,1576,519,1603">
<area shape="rect" href="libstdc++.tag.xml$structstd_1_1tr1_1_1____is__location__invariant_3_01___simple__type__wrapper_3_01___tp_01_4_01_4.html" title="std::tr1::__is_location_invariant\&lt; _Simple_type_wrapper\&lt; _Tp \&gt; \&gt;" alt="" coords="609,5,1012,32">
