<area shape="rect" href="libstdc++.tag.xml$structstd_1_1tr1_1_1___maybe__get__result__type.html" title="std::tr1::_Maybe_get_result_type\&lt; _Has_result_type, _Functor \&gt;" alt="" coords="7,56,401,83">
<area shape="rect" href="libstdc++.tag.xml$structstd_1_1tr1_1_1___weak__result__type__impl.html" title="std::tr1::_Weak_result_type_impl\&lt; std::tr1::remove_cv\&lt; _Functor \&gt;::type \&gt;" alt="" coords="452,5,908,32">
<area shape="rect" href="libstdc++.tag.xml$structstd_1_1tr1_1_1___weak__result__type__impl.html" title="std::tr1::_Weak_result_type_impl\&lt; std::tr1::remove_cv\&lt; _Tp \&gt;::type \&gt;" alt="" coords="467,56,893,83">
<area shape="rect" href="libstdc++.tag.xml$structstd_1_1tr1_1_1___weak__result__type__impl.html" title="std::tr1::_Weak_result_type_impl\&lt; _Functor \&gt;" alt="" coords="536,107,824,133">
<area shape="rect" href="libstdc++.tag.xml$structstd_1_1tr1_1_1___weak__result__type.html" title="std::tr1::_Weak_result_type\&lt; _Tp \&gt;" alt="" coords="972,81,1199,108">
<area shape="rect" href="libstdc++.tag.xml$structstd_1_1tr1_1_1___weak__result__type.html" title="std::tr1::_Weak_result_type\&lt; _Functor \&gt;" alt="" coords="957,132,1213,159">
<area shape="rect" href="libstdc++.tag.xml$structstd_1_1tr1_1_1___reference__wrapper__base__impl_3_01false_00_01false_00_01___tp_01_4.html" title="std::tr1::_Reference_wrapper_base_impl\&lt; false, false, _Tp \&gt;" alt="" coords="1263,81,1633,108">
