<area shape="rect" href="libstdc++.tag.xml$structstd_1_1iterator.html" title="std::iterator\&lt; _Category, _Tp, _Distance, _Pointer, _Reference \&gt;" alt="" coords="5,284,400,310">
<area shape="rect" href="libstdc++.tag.xml$class____gnu__cxx_1_1___rope__iterator__base.html" title="__gnu_cxx::_Rope_iterator_base\&lt; _CharT, _Alloc \&gt;" alt="" coords="455,30,775,57">
<area shape="rect" href="libstdc++.tag.xml$class____gnu__cxx_1_1sequence__buffer.html" title="__gnu_cxx::sequence_buffer\&lt; _Sequence, _Buf_sz \&gt;" alt="" coords="449,81,780,108">
<area shape="rect" href="libstdc++.tag.xml$classstd_1_1back__insert__iterator.html" title="std::back_insert_iterator\&lt; _Container \&gt;" alt="" coords="491,132,739,158">
<area shape="rect" href="libstdc++.tag.xml$classstd_1_1front__insert__iterator.html" title="std::front_insert_iterator\&lt; _Container \&gt;" alt="" coords="492,182,737,209">
<area shape="rect" href="libstdc++.tag.xml$classstd_1_1insert__iterator.html" title="std::insert_iterator\&lt; _Container \&gt;" alt="" coords="509,233,720,260">
<area shape="rect" href="libstdc++.tag.xml$classstd_1_1istream__iterator.html" title="std::istream_iterator\&lt; _Tp, _CharT, _Traits, _Dist \&gt;" alt="" coords="456,284,773,310">
<area shape="rect" href="libstdc++.tag.xml$classstd_1_1istreambuf__iterator.html" title="std::istreambuf_iterator\&lt; _CharT, _Traits \&gt;" alt="" coords="481,334,748,361">
<area shape="rect" href="libstdc++.tag.xml$classstd_1_1ostream__iterator.html" title="std::ostream_iterator\&lt; _Tp, _CharT, _Traits \&gt;" alt="" coords="473,385,756,412">
<area shape="rect" href="libstdc++.tag.xml$classstd_1_1ostreambuf__iterator.html" title="std::ostreambuf_iterator\&lt; _CharT, _Traits \&gt;" alt="" coords="479,436,751,462">
<area shape="rect" href="libstdc++.tag.xml$classstd_1_1raw__storage__iterator.html" title="std::raw_storage_iterator\&lt; _ForwardIterator, _Tp \&gt;" alt="" coords="459,486,771,513">
<area shape="rect" href="libstdc++.tag.xml$classstd_1_1reverse__iterator.html" title="std::reverse_iterator\&lt; _Iterator \&gt;" alt="" coords="511,537,719,564">
<area shape="rect" href="libstdc++.tag.xml$class____gnu__cxx_1_1___rope__const__iterator.html" title="__gnu_cxx::_Rope_const_iterator\&lt; _CharT, _Alloc \&gt;" alt="" coords="831,5,1153,32">
<area shape="rect" href="libstdc++.tag.xml$class____gnu__cxx_1_1___rope__iterator.html" title="__gnu_cxx::_Rope_iterator\&lt; _CharT, _Alloc \&gt;" alt="" coords="849,56,1135,82">
