<area shape="rect" href="$classGlib_1_1SignalProxyBase.html" title="Glib::SignalProxyBase" alt="" coords="5,182,157,209">
<area shape="rect" href="$classGlib_1_1SignalProxyNormal.html" title="The SignalProxy provides an API similar to sigc::signal that can be used to connect..." alt="" coords="211,157,373,184">
<area shape="rect" href="$classGlib_1_1SignalProxyProperty.html" title="Use the connect() method, with sigc::ptr_fun() or sig::mem_fun() to connect signals..." alt="" coords="207,208,377,234">
<area shape="rect" href="$classGlib_1_1SignalProxy0.html" title="Proxy for signals with 0 arguments." alt="" coords="499,5,661,32">
<area shape="rect" href="$classGlib_1_1SignalProxy1.html" title="Proxy for signals with 1 arguments." alt="" coords="487,56,673,82">
<area shape="rect" href="$classGlib_1_1SignalProxy2.html" title="Proxy for signals with 2 arguments." alt="" coords="475,106,685,133">
<area shape="rect" href="$classGlib_1_1SignalProxy3.html" title="Proxy for signals with 3 arguments." alt="" coords="463,157,697,184">
<area shape="rect" href="$classGlib_1_1SignalProxy4.html" title="Proxy for signals with 4 arguments." alt="" coords="451,208,709,234">
<area shape="rect" href="$classGlib_1_1SignalProxy5.html" title="Proxy for signals with 5 arguments." alt="" coords="439,258,721,285">
<area shape="rect" href="$classGlib_1_1SignalProxy6.html" title="Proxy for signals with 6 arguments." alt="" coords="427,309,733,336">
