<area shape="rect" href="libstdc++.tag.xml$classstd_1_1exception.html" title="std::exception" alt="" coords="5,208,109,235">
<area shape="rect" href="libstdc++.tag.xml$classstd_1_1bad__alloc.html" title="std::bad_alloc" alt="" coords="193,6,295,32">
<area shape="rect" href="libstdc++.tag.xml$classstd_1_1bad__cast.html" title="std::bad_cast" alt="" coords="195,56,293,83">
<area shape="rect" href="libstdc++.tag.xml$classstd_1_1bad__exception.html" title="std::bad_exception" alt="" coords="179,107,309,134">
<area shape="rect" href="libstdc++.tag.xml$classstd_1_1bad__typeid.html" title="std::bad_typeid" alt="" coords="189,158,299,184">
<area shape="rect" href="libstdc++.tag.xml$classstd_1_1ios__base_1_1failure.html" title="std::ios_base::failure" alt="" coords="173,208,315,235">
<area shape="rect" href="libstdc++.tag.xml$classstd_1_1logic__error.html" title="std::logic_error" alt="" coords="191,259,297,286">
<area shape="rect" href="libstdc++.tag.xml$classstd_1_1runtime__error.html" title="std::runtime_error" alt="" coords="183,310,305,336">
<area shape="rect" href="libstdc++.tag.xml$classstd_1_1tr1_1_1bad__function__call.html" title="std::tr1::bad_function_call" alt="" coords="159,360,329,387">
<area shape="rect" href="libstdc++.tag.xml$classstd_1_1tr1_1_1bad__weak__ptr.html" title="std::tr1::bad_weak_ptr" alt="" coords="169,411,319,438">
<area shape="rect" href="libstdc++.tag.xml$classstd_1_1domain__error.html" title="std::domain_error" alt="" coords="391,107,513,134">
<area shape="rect" href="libstdc++.tag.xml$classstd_1_1invalid__argument.html" title="std::invalid_argument" alt="" coords="380,158,524,184">
<area shape="rect" href="libstdc++.tag.xml$classstd_1_1length__error.html" title="std::length_error" alt="" coords="395,208,509,235">
<area shape="rect" href="libstdc++.tag.xml$classstd_1_1out__of__range.html" title="std::out_of_range" alt="" coords="391,259,513,286">
<area shape="rect" href="libstdc++.tag.xml$classstd_1_1overflow__error.html" title="std::overflow_error" alt="" coords="388,310,516,336">
<area shape="rect" href="libstdc++.tag.xml$classstd_1_1range__error.html" title="std::range_error" alt="" coords="396,360,508,387">
<area shape="rect" href="libstdc++.tag.xml$classstd_1_1underflow__error.html" title="std::underflow_error" alt="" coords="384,411,520,438">
