<area shape="rect" href="libstdc++.tag.xml$structstd_1_1binary__function.html" title="std::binary_function\&lt; _Arg1, _Arg2, _Result \&gt;" alt="" coords="5,183,293,209">
<area shape="rect" href="libstdc++.tag.xml$struct____gnu__cxx_1_1___project1st.html" title="__gnu_cxx::_Project1st\&lt; _Arg1, _Arg2 \&gt;" alt="" coords="428,5,687,32">
<area shape="rect" href="libstdc++.tag.xml$struct____gnu__cxx_1_1___project2nd.html" title="__gnu_cxx::_Project2nd\&lt; _Arg1, _Arg2 \&gt;" alt="" coords="427,56,688,83">
<area shape="rect" href="libstdc++.tag.xml$struct____gnu__cxx_1_1___rope___concat__fn.html" title="__gnu_cxx::_Rope_Concat_fn\&lt; _CharT, _Alloc \&gt;" alt="" coords="405,107,709,133">
<area shape="rect" href="libstdc++.tag.xml$classstd_1_1map_1_1value__compare.html" title="std::map\&lt; _Key, _Tp, _Compare, _Alloc \&gt;::value_compare" alt="" coords="376,157,739,184">
<area shape="rect" href="libstdc++.tag.xml$classstd_1_1multimap_1_1value__compare.html" title="std::multimap\&lt; _Key, _Tp, _Compare, _Alloc \&gt;::value_compare" alt="" coords="363,208,752,235">
<area shape="rect" href="libstdc++.tag.xml$classstd_1_1pointer__to__binary__function.html" title="std::pointer_to_binary_function\&lt; _Arg1, _Arg2, _Result \&gt;" alt="" coords="381,259,733,285">
<area shape="rect" href="libstdc++.tag.xml$structstd_1_1tr1_1_1___reference__wrapper__base_3_01___res(___t1_1_1_5)(___t2)_01const_01volatile_01_4.html" title="std::tr1::_Reference_wrapper_base\&lt; _Res(_T1::*)(_T2) const volatile \&gt;" alt="" coords="341,309,773,336">
<area shape="rect" href="libstdc++.tag.xml$structstd_1_1tr1_1_1___reference__wrapper__base_3_01___res(___t1_1_1_5)(___t2)_01volatile_01_4.html" title="std::tr1::_Reference_wrapper_base\&lt; _Res(_T1::*)(_T2) volatile \&gt;" alt="" coords="360,360,755,387">
<area shape="rect" href="libstdc++.tag.xml$struct____gnu__cxx_1_1project1st.html" title="__gnu_cxx::project1st\&lt; _Arg1, _Arg2 \&gt;" alt="" coords="824,5,1072,32">
<area shape="rect" href="libstdc++.tag.xml$struct____gnu__cxx_1_1project2nd.html" title="__gnu_cxx::project2nd\&lt; _Arg1, _Arg2 \&gt;" alt="" coords="823,56,1073,83">
