<area shape="rect" href="libstdc++.tag.xml$structctype__base.html" title="ctype_base" alt="" coords="33,56,121,83">
<area shape="rect" href="libstdc++.tag.xml$classstd_1_1____ctype__abstract__base.html" title="std::__ctype_abstract_base\&lt; wchar_t \&gt;" alt="" coords="208,5,459,32">
<area shape="rect" href="libstdc++.tag.xml$classstd_1_1____ctype__abstract__base.html" title="std::__ctype_abstract_base\&lt; _CharT \&gt;" alt="" coords="209,56,457,83">
<area shape="rect" href="libstdc++.tag.xml$classstd_1_1ctype_3_01char_01_4.html" title="std::ctype\&lt; char \&gt;" alt="" coords="269,107,397,133">
<area shape="rect" href="libstdc++.tag.xml$classstd_1_1ctype_3_01wchar__t_01_4.html" title="std::ctype\&lt; wchar_t \&gt;" alt="" coords="580,5,727,32">
<area shape="rect" href="libstdc++.tag.xml$classstd_1_1ctype.html" title="std::ctype\&lt; _CharT \&gt;" alt="" coords="581,56,725,83">
<area shape="rect" href="libstdc++.tag.xml$classstd_1_1ctype__byname.html" title="std::ctype_byname\&lt; _CharT \&gt;" alt="" coords="839,56,1036,83">
<area shape="rect" href="libstdc++.tag.xml$classstd_1_1locale_1_1facet.html" title="std::locale::facet" alt="" coords="19,411,136,437">
<area shape="rect" href="libstdc++.tag.xml$structstd_1_1____moneypunct__cache.html" title="std::__moneypunct_cache\&lt; _CharT, _Intl \&gt;" alt="" coords="197,512,469,539">
<area shape="rect" href="libstdc++.tag.xml$structstd_1_1____numpunct__cache.html" title="std::__numpunct_cache\&lt; _CharT \&gt;" alt="" coords="220,563,447,589">
<area shape="rect" href="libstdc++.tag.xml$classstd_1_1____timepunct.html" title="std::__timepunct\&lt; _CharT \&gt;" alt="" coords="241,613,425,640">
<area shape="rect" href="libstdc++.tag.xml$structstd_1_1____timepunct__cache.html" title="std::__timepunct_cache\&lt; _CharT \&gt;" alt="" coords="220,664,447,691">
<area shape="rect" href="libstdc++.tag.xml$classstd_1_1collate.html" title="std::collate\&lt; _CharT \&gt;" alt="" coords="257,157,409,184">
<area shape="rect" href="libstdc++.tag.xml$classstd_1_1messages.html" title="std::messages\&lt; _CharT \&gt;" alt="" coords="247,715,420,741">
<area shape="rect" href="libstdc++.tag.xml$classstd_1_1money__get.html" title="std::money_get\&lt; _CharT, _InIter \&gt;" alt="" coords="223,208,444,235">
<area shape="rect" href="libstdc++.tag.xml$classstd_1_1money__put.html" title="std::money_put\&lt; _CharT, _OutIter \&gt;" alt="" coords="217,259,449,285">
<area shape="rect" href="libstdc++.tag.xml$classstd_1_1moneypunct.html" title="std::moneypunct\&lt; _CharT, _Intl \&gt;" alt="" coords="225,765,441,792">
<area shape="rect" href="libstdc++.tag.xml$classstd_1_1num__get.html" title="std::num_get\&lt; _CharT, _InIter \&gt;" alt="" coords="229,309,437,336">
<area shape="rect" href="libstdc++.tag.xml$classstd_1_1num__put.html" title="std::num_put\&lt; _CharT, _OutIter \&gt;" alt="" coords="225,360,441,387">
<area shape="rect" href="libstdc++.tag.xml$classstd_1_1numpunct.html" title="std::numpunct\&lt; _CharT \&gt;" alt="" coords="248,411,419,437">
<area shape="rect" href="libstdc++.tag.xml$classstd_1_1time__get.html" title="std::time_get\&lt; _CharT, _InIter \&gt;" alt="" coords="229,816,437,843">
<area shape="rect" href="libstdc++.tag.xml$classstd_1_1time__put.html" title="std::time_put\&lt; _CharT, _OutIter \&gt;" alt="" coords="225,461,441,488">
<area shape="rect" href="libstdc++.tag.xml$classstd_1_1collate__byname.html" title="std::collate_byname\&lt; _CharT \&gt;" alt="" coords="552,157,755,184">
<area shape="rect" href="libstdc++.tag.xml$classstd_1_1messages__byname.html" title="std::messages_byname\&lt; _CharT \&gt;" alt="" coords="540,715,767,741">
<area shape="rect" href="libstdc++.tag.xml$classstd_1_1moneypunct__byname.html" title="std::moneypunct_byname\&lt; _CharT, _Intl \&gt;" alt="" coords="519,765,788,792">
<area shape="rect" href="libstdc++.tag.xml$classstd_1_1numpunct__byname.html" title="std::numpunct_byname\&lt; _CharT \&gt;" alt="" coords="541,411,765,437">
<area shape="rect" href="libstdc++.tag.xml$classstd_1_1time__get__byname.html" title="std::time_get_byname\&lt; _CharT, _InIter \&gt;" alt="" coords="524,816,783,843">
<area shape="rect" href="libstdc++.tag.xml$classstd_1_1time__put__byname.html" title="std::time_put_byname\&lt; _CharT, _OutIter \&gt;" alt="" coords="519,461,788,488">
<area shape="rect" href="libstdc++.tag.xml$structstd_1_1messages__base.html" title="std::messages_base" alt="" coords="7,715,148,741">
<area shape="rect" href="libstdc++.tag.xml$classstd_1_1money__base.html" title="std::money_base" alt="" coords="17,765,137,792">
<area shape="rect" href="libstdc++.tag.xml$classstd_1_1time__base.html" title="std::time_base" alt="" coords="24,816,131,843">
