<area shape="rect" href="$classGlib_1_1ValueBase.html" title="Glib::ValueBase" alt="" coords="5,411,120,437">
<area shape="rect" href="$classGlib_1_1Value_3_01bool_01_4.html" title="Glib::Value\&lt; bool \&gt;" alt="" coords="211,5,341,32">
<area shape="rect" href="$classGlib_1_1Value_3_01char_01_4.html" title="Glib::Value\&lt; char \&gt;" alt="" coords="209,56,343,83">
<area shape="rect" href="$classGlib_1_1Value_3_01double_01_4.html" title="Glib::Value\&lt; double \&gt;" alt="" coords="203,107,349,133">
<area shape="rect" href="$classGlib_1_1Value_3_01float_01_4.html" title="Glib::Value\&lt; float \&gt;" alt="" coords="209,157,343,184">
<area shape="rect" href="$classGlib_1_1Value_3_01int_01_4.html" title="Glib::Value\&lt; int \&gt;" alt="" coords="215,208,337,235">
<area shape="rect" href="$classGlib_1_1Value_3_01long_01_4.html" title="Glib::Value\&lt; long \&gt;" alt="" coords="211,259,341,285">
<area shape="rect" href="$classGlib_1_1Value_3_01long_01long_01_4.html" title="Glib::Value\&lt; long long \&gt;" alt="" coords="196,309,356,336">
<area shape="rect" href="$classGlib_1_1Value_3_01unsigned_01char_01_4.html" title="Glib::Value\&lt; unsigned char \&gt;" alt="" coords="181,360,371,387">
<area shape="rect" href="$classGlib_1_1Value_3_01unsigned_01int_01_4.html" title="Glib::Value\&lt; unsigned int \&gt;" alt="" coords="187,411,365,437">
<area shape="rect" href="$classGlib_1_1Value_3_01unsigned_01long_01_4.html" title="Glib::Value\&lt; unsigned long \&gt;" alt="" coords="183,461,369,488">
<area shape="rect" href="$classGlib_1_1Value_3_01unsigned_01long_01long_01_4.html" title="Glib::Value\&lt; unsigned long long \&gt;" alt="" coords="168,512,384,539">
<area shape="rect" href="$classGlib_1_1Value_3_01void_01_5_01_4.html" title="Glib::Value\&lt; void * \&gt;" alt="" coords="205,563,347,589">
<area shape="rect" href="$classGlib_1_1ValueBase__Boxed.html" title="Glib::ValueBase_Boxed" alt="" coords="197,613,355,640">
<area shape="rect" href="$classGlib_1_1ValueBase__Enum.html" title="Glib::ValueBase_Enum" alt="" coords="199,664,353,691">
<area shape="rect" href="$classGlib_1_1ValueBase__Flags.html" title="Glib::ValueBase_Flags" alt="" coords="200,715,352,741">
<area shape="rect" href="$classGlib_1_1ValueBase__Object.html" title="Glib::ValueBase_Object" alt="" coords="196,791,356,817">
<area shape="rect" href="$classGlib_1_1ValueBase__String.html" title="Glib::ValueBase_String" alt="" coords="199,917,353,944">
<area shape="rect" href="$classGlib_1_1Value.html" title="Generic value implementation for custom types." alt="" coords="487,563,601,589">
<area shape="rect" href="$classGlib_1_1Value__Boxed.html" title="Glib::Value_Boxed\&lt; T \&gt;" alt="" coords="464,613,624,640">
<area shape="rect" href="$classGlib_1_1Value__Enum.html" title="Base class of Glib::Value&lt;T&gt; specializations for enum types." alt="" coords="465,664,623,691">
<area shape="rect" href="$classGlib_1_1Value__Flags.html" title="Base class of Glib::Value&lt;T&gt; specializations for flags types." alt="" coords="467,715,621,741">
<area shape="rect" href="$classGlib_1_1Value__Pointer.html" title="Glib::Value_Pointer\&lt; T, PtrT \&gt;" alt="" coords="447,765,641,792">
<area shape="rect" href="$classGlib_1_1Value__Pointer.html" title="Glib::Value_Pointer\&lt; const T, T * \&gt;" alt="" coords="432,816,656,843">
<area shape="rect" href="$classGlib_1_1Value__Pointer.html" title="Glib::Value_Pointer\&lt; T, T * \&gt;" alt="" coords="451,867,637,893">
<area shape="rect" href="$classGlib_1_1Value_3_01const_01T_01_5_01_4.html" title="Specialization for pointers to const instances of any type." alt="" coords="705,765,865,792">
<area shape="rect" href="$classGlib_1_1Value_3_01T_01_5_01_4.html" title="Specialization for pointers to instances of any type." alt="" coords="723,867,848,893">
<area shape="rect" href="$classGlib_1_1Value_3_01Glib_1_1ustring_01_4.html" title="Specialization for UTF&#45;8 strings." alt="" coords="455,917,633,944">
<area shape="rect" href="$classGlib_1_1Value_3_01std_1_1string_01_4.html" title="Specialization for strings." alt="" coords="461,968,627,995">
