<area shape="rect" href="libstdc++.tag.xml$structstd_1_1tr1_1_1integral__constant.html" title="std::tr1::integral_constant\&lt; bool, false \&gt;" alt="" coords="5,259,259,285">
<area shape="rect" href="libstdc++.tag.xml$structstd_1_1tr1_1_1has__virtual__destructor.html" title="std::tr1::has_virtual_destructor\&lt; class \&gt;" alt="" coords="319,5,572,32">
<area shape="rect" href="libstdc++.tag.xml$structstd_1_1tr1_1_1is__array.html" title="std::tr1::is_array\&lt; class \&gt;" alt="" coords="360,56,531,83">
<area shape="rect" href="libstdc++.tag.xml$structstd_1_1tr1_1_1is__floating__point.html" title="std::tr1::is_floating_point\&lt; class \&gt;" alt="" coords="336,107,555,133">
<area shape="rect" href="libstdc++.tag.xml$structstd_1_1tr1_1_1is__integral.html" title="std::tr1::is_integral\&lt; class \&gt;" alt="" coords="353,157,537,184">
<area shape="rect" href="libstdc++.tag.xml$structstd_1_1tr1_1_1is__member__object__pointer.html" title="std::tr1::is_member_object_pointer\&lt; class \&gt;" alt="" coords="307,208,584,235">
<area shape="rect" href="libstdc++.tag.xml$structstd_1_1tr1_1_1is__pointer.html" title="std::tr1::is_pointer\&lt; class \&gt;" alt="" coords="355,259,536,285">
<area shape="rect" href="libstdc++.tag.xml$structstd_1_1tr1_1_1is__reference.html" title="std::tr1::is_reference\&lt; class \&gt;" alt="" coords="348,309,543,336">
<area shape="rect" href="libstdc++.tag.xml$structstd_1_1tr1_1_1is__same.html" title="std::tr1::is_same\&lt; class, class \&gt;" alt="" coords="339,360,552,387">
<area shape="rect" href="libstdc++.tag.xml$structstd_1_1tr1_1_1is__signed.html" title="std::tr1::is_signed\&lt; class \&gt;" alt="" coords="356,411,535,437">
<area shape="rect" href="libstdc++.tag.xml$structstd_1_1tr1_1_1is__unsigned.html" title="std::tr1::is_unsigned\&lt; class \&gt;" alt="" coords="348,461,543,488">
<area shape="rect" href="libstdc++.tag.xml$structstd_1_1tr1_1_1is__volatile.html" title="std::tr1::is_volatile\&lt; class \&gt;" alt="" coords="353,512,537,539">
